// Jest Snapshot v1, https://goo.gl/fbAQLP

exports[`Counter component should match snapshot 1`] = `
<h2>Counter</h2>
<p>0 <sup>2</sup> = 0</p>
<p data-testid="counter">0</p>
<div><button>+1</button><button>-1</button></div>
`;
